timestamp;queue_length
1789419840368;1
1789419840368;0
1789419840638;1
1789419840638;0
1789419840700;1
1789419840700;0
1789419840887;1
1789419840887;0
1789419840948;1
1789419840948;0
1789419840957;1
1789419840967;0
1789419840977;1
1789419840985;0
1789419841007;1
1789419841007;0
1789419841119;1
1789419841119;0
1789419841508;1
1789419841508;0
1789419841607;1
1789419841607;0
1789419841628;1
1789419841628;0
1789419841867;1
1789419841867;0
1789419842037;1
1789419842037;0
1789419842063;1
1789419842063;0
1789419842077;1
1789419842082;0
1789419842261;1
1789419842261;0
1789419842387;1
1789419842387;0
1789419842419;1
1789419842419;0
1789419842442;1
1789419842442;0
1789419842454;1
1789419842467;0
1789419843159;1
1789419843159;0
1789419843520;1
1789419843520;0
1789419843547;1
1789419843547;0
1789419843607;1
1789419843607;0
1789419843928;1
1789419843928;0
1789419844077;1
1789419844077;0
1789419844108;1
1789419844108;0
1789419844308;1
1789419844308;0
1789419844328;1
1789419844328;0
1789419844337;1
1789419844346;0
1789419844387;1
1789419844387;0
1789419844403;1
1789419844406;0
1789419844428;1
1789419844428;0
1789419844546;1
1789419844546;0
1789419844647;1
1789419844647;0
1789419844664;1
1789419844665;0
1789419844827;1
1789419844827;0
1789419845116;1
1789419845116;0
1789419845149;1
1789419845149;0
1789419845167;1
1789419845168;0
1789419845188;1
1789419845188;0
1789419845528;1
1789419845528;0
1789419845547;1
1789419845547;0
1789419845567;1
1789419845567;0
1789419845908;1
1789419845908;0
1789419845927;1
1789419845927;0
1789419845947;1
1789419845947;0
1789419845968;1
1789419845968;0
1789419846267;1
1789419846267;0
1789419846739;1
1789419846739;0
1789419846768;1
1789419846768;0
1789419846847;1
1789419846847;0
1789419846867;1
1789419846867;0
1789419846888;1
1789419846888;0
1789419846907;1
1789419846907;0
1789419847195;1
1789419847195;0
1789419847567;1
1789419847567;0
1789419847587;1
1789419847587;0
1789419847687;1
1789419847687;0
1789419847887;1
1789419847887;0
1789419847907;1
1789419847907;0
1789419847947;1
1789419847947;0
1789419847957;1
1789419847966;0
1789419848307;1
1789419848307;0
1789419848317;1
1789419848324;0
1789419848347;1
1789419848347;0
1789419848468;1
1789419848468;0
1789419848747;1
1789419848747;0
1789419848762;1
1789419848765;0
1789419848781;1
1789419848784;0
1789419848806;1
1789419848806;0
1789419849087;1
1789419849087;0
1789419849097;1
1789419849106;0
1789419849130;1
1789419849130;0
1789419849145;1
1789419849148;0
1789419849168;1
1789419849168;0
1789419849187;1
1789419849187;0
1789419849207;1
1789419849207;0
1789419849307;1
1789419849307;0
1789419849387;1
1789419849387;0
1789419849397;1
1789419849405;0
1789419849428;1
1789419849428;0
1789419849447;1
1789419849447;0
1789419849467;1
1789419849467;0
1789419850167;1
1789419850167;0
1789419850188;1
1789419850188;0
1789419850447;1
1789419850447;0
1789419850628;1
1789419850628;0
1789419850727;1
1789419850727;0
1789419850907;1
1789419850907;0
1789419851008;1
1789419851008;0
1789419851208;1
1789419851208;0
1789419851507;1
1789419851507;0
1789419851527;1
1789419851527;0
1789419851728;1
1789419851728;0
1789419851788;1
1789419851788;0
1789419851807;1
1789419851807;0
1789419851827;1
1789419851827;0
1789419851847;1
1789419851847;0
1789419851887;1
1789419851887;0
1789419851977;1
1789419851977;0
1789419852007;1
1789419852007;0
1789419852027;1
1789419852027;0
1789419852107;1
1789419852107;0
1789419852288;1
1789419852288;0
1789419852337;1
1789419852337;0
1789419852507;1
1789419852507;0
1789419852527;1
1789419852527;0
1789419852548;1
1789419852548;0
1789419852559;1
1789419852566;0
1789419852587;1
1789419852587;0
1789419852608;1
1789419852608;0
1789419852828;1
1789419852828;0
1789419852847;1
1789419852847;0
1789419852888;1
1789419852888;0
1789419852997;1
1789419852997;0
1789419853251;1
1789419853251;0
1789419853266;1
1789419853270;0
1789419853447;1
1789419853447;0
1789419853463;1
1789419853466;0
1789419853767;1
1789419853767;0
1789419853867;1
1789419853867;0
1789419853876;1
1789419853885;0
1789419853908;1
1789419853908;0
1789419853926;1
1789419853926;0
1789419854004;1
1789419854004;0
1789419854067;1
1789419854067;0
1789419854087;1
1789419854087;0
1789419854107;1
1789419854107;0
1789419854127;1
1789419854127;0
1789419854376;1
1789419854376;0
1789419854527;1
1789419854527;0
1789419854568;1
1789419854568;0
1789419854706;1
1789419854706;0
1789419854787;1
1789419854787;0
1789419854797;1
1789419854805;0
1789419854828;1
1789419854828;0
1789419854847;1
1789419854847;0
1789419854867;1
1789419854867;0
1789419854888;1
1789419854888;0
1789419854927;1
1789419854927;0
1789419855008;1
1789419855008;0
1789419855188;1
1789419855188;0
1789419855287;1
1789419855287;0
1789419855527;1
1789419855527;0
1789419856167;1
1789419856167;0
1789419856187;1
1789419856187;0
1789419856208;1
1789419856208;0
1789419856227;1
1789419856227;0
1789419856348;1
1789419856348;0
1789419856367;1
1789419856367;0
1789419856377;1
1789419856386;0
1789419856408;1
1789419856408;0
1789419856427;1
1789419856427;0
1789419856468;1
1789419856468;0
1789419856547;1
1789419856547;0
1789419856567;1
1789419856567;0
1789419856588;1
1789419856588;0
1789419856607;1
1789419856607;0
1789419857197;1
1789419857197;0
1789419857427;1
1789419857427;0
1789419857477;1
1789419857477;0
1789419857497;1
1789419857497;0
1789419857530;1
1789419857530;0
1789419857545;1
1789419857548;0
1789419857806;1
1789419857806;0
1789419857968;1
1789419857968;0
1789419857976;1
1789419857987;0
1789419858202;1
1789419858202;0
1789419858317;1
1789419858317;0
1789419858708;1
1789419858708;0
1789419858767;1
1789419858767;0
1789419858788;1
1789419858788;0
1789419858947;1
1789419858947;0
1789419859147;1
1789419859147;0
1789419859167;1
1789419859167;0
1789419859487;1
1789419859487;0
1789419859507;1
1789419859507;0
1789419859647;1
1789419859647;0
1789419860087;1
1789419860087;0
1789419860107;1
1789419860107;0
1789419860147;1
1789419860147;0
1789419860167;1
1789419860167;0
1789419860186;1
1789419860186;0
1789419860207;1
1789419860207;0
1789419860507;1
1789419860507;0
1789419860647;1
1789419860647;0
1789419860698;1
1789419860698;0
1789419861089;1
1789419861089;0
1789419861167;1
1789419861168;0
1789419861388;1
1789419861388;0
1789419862047;1
1789419862047;0
1789419862066;1
1789419862066;0
1789419862087;1
1789419862087;0
1789419862107;1
1789419862107;0
1789419862188;1
1789419862188;0
1789419862207;1
1789419862207;0
1789419862517;1
1789419862517;0
1789419862746;1
1789419862746;0
1789419863127;1
1789419863127;0
1789419863147;1
1789419863147;0
1789419863187;1
1789419863187;0
1789419863197;1
1789419863206;0
1789419863228;1
1789419863228;0
1789419863247;1
1789419863247;0
1789419863288;1
1789419863288;0
1789419863307;1
1789419863307;0
1789419863446;1
1789419863446;0
1789419863547;1
1789419863547;0
1789419863826;1
1789419863826;0
1789419863906;1
1789419863906;0
1789419863947;1
1789419863947;0
1789419863966;1
1789419863966;0
1789419863979;1
1789419863984;0
1789419864008;1
1789419864008;0
1789419864017;1
1789419864025;0
1789419864067;1
1789419864067;0
1789419864287;1
1789419864288;0
1789419864467;1
1789419864467;0
1789419864475;1
1789419864485;0
1789419864785;1
1789419864785;0
1789419864987;1
1789419864987;0
1789419865007;1
1789419865007;0
1789419865268;1
1789419865268;0
1789419865648;1
1789419865648;0
1789419865742;1
1789419865742;0
1789419865767;1
1789419865767;0
1789419866327;1
1789419866327;0
1789419866548;1
1789419866548;0
1789419866868;1
1789419866868;0
1789419866921;1
1789419866921;0
1789419866987;1
1789419866987;0
1789419867007;1
1789419867007;0
1789419867026;1
1789419867026;0
1789419867047;1
1789419867047;0
1789419867108;1
1789419867108;0
1789419867187;1
1789419867187;0
1789419867199;1
1789419867205;0
1789419867221;1
1789419867224;0
1789419867262;1
1789419867262;0
1789419867290;1
1789419867290;0
1789419867347;1
1789419867347;0
1789419867508;1
1789419867508;0
1789419867527;1
1789419867527;0
1789419867723;1
1789419867723;0
1789419867847;1
1789419867847;0
1789419868017;1
1789419868017;0
1789419868047;1
1789419868047;0
1789419868127;1
1789419868127;0
1789419868139;1
1789419868145;0
1789419868157;1
1789419868163;0
1789419868187;1
1789419868187;0
1789419868220;1
1789419868220;0
1789419868505;1
1789419868505;0
1789419868528;1
1789419868528;0
1789419868547;1
1789419868547;0
1789419868559;1
1789419868565;0
1789419868687;1
1789419868687;0
1789419868787;1
1789419868787;0
1789419868808;1
1789419868808;0
1789419869168;1
1789419869168;0
1789419869187;1
1789419869187;0
1789419869207;1
1789419869207;0
1789419869267;1
1789419869267;0
1789419869281;1
1789419869285;0
1789419869303;1
1789419869303;0
1789419869321;1
1789419869322;0
1789419869346;1
1789419869346;0
1789419869367;1
1789419869367;0
1789419869387;1
1789419869387;0
1789419869607;1
1789419869607;0
1789419869628;1
1789419869628;0
1789419869767;1
1789419869767;0
1789419869907;1
1789419869907;0
1789419870146;1
1789419870146;0
1789419870288;1
1789419870288;0
1789419870408;1
1789419870408;0
1789419870428;1
1789419870428;0
1789419870447;1
1789419870447;0
1789419870468;1
1789419870468;0
1789419870487;1
1789419870487;0
1789419870507;1
1789419870507;0
1789419870688;1
1789419870688;0
1789419870697;1
1789419870707;0
1789419870908;1
1789419870908;0
1789419870968;1
1789419870968;0
1789419871057;1
1789419871057;0
1789419871088;1
1789419871088;0
1789419871148;1
1789419871148;0
1789419871287;1
1789419871288;0
1789419871500;1
1789419871500;0
1789419871748;1
1789419871748;0
1789419871757;1
1789419871768;0
1789419871787;1
1789419871787;0
1789419871867;1
1789419871867;0
1789419872107;1
1789419872107;0
1789419872188;1
1789419872188;0
1789419872287;1
1789419872287;0
1789419872306;1
1789419872306;0
1789419872327;1
1789419872327;0
1789419872347;1
1789419872347;0
1789419872366;1
1789419872367;0
1789419872407;1
1789419872407;0
1789419872448;1
1789419872448;0
1789419872457;1
1789419872466;0
1789419872508;1
1789419872508;0
1789419872517;1
1789419872526;0
1789419872548;1
1789419872548;0
1789419872807;1
1789419872807;0
1789419872827;1
1789419872827;0
1789419872842;1
1789419872845;0
1789419872887;1
1789419872887;0
1789419872906;1
1789419872906;0
1789419872926;1
1789419872926;0
1789419872947;1
1789419872947;0
1789419873347;1
1789419873347;0
1789419873367;1
1789419873367;0
1789419873388;1
1789419873388;0
1789419874406;1
1789419874406;0
1789419874427;1
1789419874427;0
1789419874448;1
1789419874448;0
1789419874527;1
1789419874527;0
1789419874787;1
1789419874787;0
1789419874808;1
1789419874808;0
1789419874823;1
1789419874826;0
1789419874847;1
1789419874847;0
1789419874894;1
1789419874894;0
1789419874945;1
1789419874945;0
1789419875068;1
1789419875068;0
1789419875836;1
1789419875836;0
1789419875868;1
1789419875868;0
1789419875877;1
1789419875885;0
1789419875926;1
1789419875926;0
1789419875947;1
1789419875947;0
1789419875967;1
1789419875967;0
1789419876008;1
1789419876008;0
1789419876027;1
1789419876027;0
1789419876390;1
1789419876390;0
1789419876406;1
1789419876409;0
1789419876568;1
1789419876568;0
1789419876627;1
1789419876627;0
1789419876646;1
1789419876646;0
1789419876807;1
1789419876807;0
1789419876947;1
1789419876947;0
1789419877327;1
1789419877327;0
1789419877348;1
1789419877348;0
1789419877528;1
1789419877528;0
1789419877547;1
1789419877547;0
1789419877607;1
1789419877607;0
1789419877807;1
1789419877808;0
1789419877887;1
1789419877887;0
1789419878388;1
1789419878388;0
1789419878407;1
1789419878407;0
1789419878419;1
1789419878425;0
1789419878445;1
1789419878445;0
1789419878568;1
1789419878568;0
1789419878768;1
1789419878768;0
1789419878786;1
1789419878786;0
1789419878807;1
1789419878807;0
1789419878819;1
1789419878826;0
1789419878848;1
1789419878848;0
1789419878947;1
1789419878947;0
1789419879026;1
1789419879026;0
1789419879087;1
1789419879087;0
1789419879608;1
1789419879608;0
1789419879887;1
1789419879887;0
1789419880024;1
1789419880024;0
1789419880087;1
1789419880087;0
1789419880107;1
1789419880107;0
1789419880128;1
1789419880128;0
1789419880147;1
1789419880147;0
1789419880287;1
1789419880287;0
1789419880300;1
1789419880304;0
1789419880327;1
1789419880327;0
1789419880347;1
1789419880347;0
1789419880607;1
1789419880607;0
1789419880647;1
1789419880647;0
1789419880807;1
1789419880807;0
1789419880826;1
1789419880826;0
1789419881142;1
1789419881142;0
1789419881366;1
1789419881366;0
1789419881508;1
1789419881508;0
1789419881706;1
1789419881707;0
1789419881727;1
1789419881727;0
1789419881887;1
1789419881887;0
1789419882146;1
1789419882146;0
1789419882327;1
1789419882327;0
1789419882348;1
1789419882348;0
1789419882388;1
1789419882388;0
1789419882406;1
1789419882406;0
1789419882419;1
1789419882425;0
1789419882447;1
1789419882447;0
1789419882547;1
1789419882547;0
1789419882767;1
1789419882767;0
1789419882786;1
1789419882786;0
1789419882799;1
1789419882806;0
1789419882837;1
1789419882837;0
1789419882867;1
1789419882868;0
1789419883027;1
1789419883027;0
1789419883067;1
1789419883067;0
1789419883205;1
1789419883205;0
1789419883467;1
1789419883467;0
1789419883487;1
1789419883487;0
1789419883607;1
1789419883607;0
1789419883626;1
1789419883626;0
1789419883686;1
1789419883686;0
1789419883706;1
1789419883706;0
1789419883727;1
1789419883727;0
1789419883744;1
1789419883747;0
1789419883769;1
1789419883769;0
1789419883979;1
1789419883979;0
1789419884006;1
1789419884006;0
1789419884047;1
1789419884047;0
1789419884427;1
1789419884427;0
1789419884448;1
1789419884448;0
1789419884587;1
1789419884587;0
1789419884648;1
1789419884648;0
1789419884737;1
1789419884737;0
1789419884768;1
1789419884768;0
1789419884927;1
1789419884927;0
1789419885025;1
1789419885025;0
1789419885182;1
1789419885182;0
1789419885217;1
1789419885217;0
1789419885236;1
1789419885237;0
1789419885269;1
1789419885269;0
1789419885283;1
1789419885288;0
1789419885400;1
1789419885400;0
1789419885486;1
1789419885486;0
1789419885567;1
1789419885567;0
1789419885588;1
1789419885588;0
1789419885607;1
1789419885607;0
1789419885627;1
1789419885627;0
1789419885637;1
1789419885646;0
1789419885667;1
1789419885667;0
1789419886166;1
1789419886166;0
1789419886747;1
1789419886747;0
1789419886764;1
1789419886766;0
1789419886786;1
1789419886787;0
1789419886807;1
1789419886807;0
1789419887216;1
1789419887216;0
1789419888067;1
1789419888067;0
1789419888088;1
1789419888088;0
1789419888107;1
1789419888107;0
1789419888127;1
1789419888127;0
1789419888167;1
1789419888167;0
1789419888187;1
1789419888187;0
1789419888246;1
1789419888246;0
1789419888337;1
1789419888337;0
1789419888367;1
1789419888367;0
1789419888386;1
1789419888386;0
1789419888446;1
1789419888446;0
1789419888527;1
1789419888527;0
1789419888787;1
1789419888787;0
1789419888807;1
1789419888807;0
1789419888977;1
1789419888977;0
1789419889128;1
1789419889128;0
1789419889366;1
1789419889366;0
1789419889528;1
1789419889528;0
1789419889607;1
1789419889607;0
1789419889627;1
1789419889627;0
1789419889647;1
1789419889647;0
1789419889664;1
1789419889665;0
1789419889687;1
1789419889687;0
1789419889697;1
1789419889705;0
1789419889987;1
1789419889987;0
1789419890007;1
1789419890007;0
1789419890028;1
1789419890028;0
1789419890146;1
1789419890146;0
1789419890247;1
1789419890247;0
1789419890487;1
1789419890487;0
1789419890528;1
1789419890528;0
1789419890877;1
1789419890877;0
1789419891007;1
1789419891007;0
1789419891660;1
1789419891660;0
1789419892186;1
1789419892186;0
1789419892207;1
1789419892207;0
1789419892227;1
1789419892227;0
1789419892328;1
1789419892328;0
1789419892347;1
1789419892347;0
1789419892357;1
1789419892364;0
1789419893086;1
1789419893086;0
1789419893167;1
1789419893167;0
1789419893207;1
1789419893207;0
1789419893217;1
1789419893225;0
1789419893246;1
1789419893246;0
1789419893263;1
1789419893264;0
1789419893307;1
1789419893307;0
1789419893387;1
1789419893387;0
1789419893525;1
1789419893525;0
1789419893542;1
1789419893544;0
1789419893562;1
1789419893563;0
1789419894046;1
1789419894046;0
1789419894067;1
1789419894067;0
1789419894287;1
1789419894287;0
1789419894707;1
1789419894707;0
1789419894988;1
1789419894988;0
1789419895006;1
1789419895006;0
1789419895018;1
1789419895024;0
1789419895224;1
1789419895224;0
1789419895236;1
1789419895241;0
1789419895268;1
1789419895268;0
1789419895385;1
1789419895385;0
1789419895408;1
1789419895408;0
1789419895426;1
1789419895426;0
1789419895436;1
1789419895444;0
1789419895477;1
1789419895477;0
1789419895508;1
1789419895508;0
1789419895527;1
1789419895527;0
1789419895548;1
1789419895548;0
1789419895567;1
1789419895567;0
1789419895847;1
1789419895847;0
1789419895967;1
1789419895967;0
1789419896047;1
1789419896047;0
1789419896227;1
1789419896227;0
1789419896320;1
1789419896320;0
1789419896366;1
1789419896366;0
1789419896387;0
1789419896387;1
1789419896397;1
1789419896404;0
1789419896428;0
1789419896428;1
1789419896764;1
1789419896764;0
1789419896787;1
1789419896787;0
1789419896828;1
1789419896828;0
1789419896846;1
1789419896846;0
1789419896867;1
1789419896867;0
1789419897007;1
1789419897007;0
1789419897027;1
1789419897027;0
1789419897048;1
1789419897048;0
1789419897067;1
1789419897067;0
1789419897127;1
1789419897127;0
1789419897281;1
1789419897281;0
1789419897309;1
1789419897309;0
1789419897467;1
1789419897467;0
1789419897668;1
1789419897668;0
1789419897687;1
1789419897687;0
1789419897844;1
1789419897844;0
1789419897967;1
1789419897967;0
1789419897988;1
1789419897988;0
1789419898007;1
1789419898007;0
1789419898087;1
1789419898087;0
1789419898247;1
1789419898247;0
1789419898289;1
1789419898289;0
1789419898297;1
1789419898307;0
1789419898527;1
1789419898527;0
1789419898547;1
1789419898547;0
1789419898568;1
1789419898568;0
1789419898576;1
1789419898585;0
1789419898788;1
1789419898788;0
1789419898847;1
1789419898847;0
1789419898868;1
1789419898868;0
1789419898887;1
1789419898887;0
1789419899287;1
1789419899287;0
1789419899308;1
1789419899308;0
1789419899327;1
1789419899327;0
1789419899347;1
1789419899347;0
1789419899797;1
1789419899797;0
1789419899828;1
1789419899828;0
1789419899927;1
1789419899927;0
1789419899948;1
1789419899948;0
1789419899958;1
1789419899965;0
1789419900148;1
1789419900148;0
1789419900388;1
1789419900388;0
1789419900407;1
1789419900407;0
1789419900539;1
1789419900539;0
1789419900598;1
1789419900598;0
1789419900689;1
1789419900689;0
1789419900707;1
1789419900708;0
1789419900728;1
1789419900728;0
1789419900927;1
1789419900927;0
1789419901007;1
1789419901007;0
1789419901017;1
1789419901025;0
1789419901047;1
1789419901047;0
1789419901168;1
1789419901168;0
1789419901267;1
1789419901267;0
1789419901307;1
1789419901307;0
1789419901547;1
1789419901547;0
1789419901848;1
1789419901848;0
1789419901864;1
1789419901865;0
1789419901880;1
1789419901883;0
1789419902207;1
1789419902207;0
1789419902427;1
1789419902427;0
1789419902467;1
1789419902467;0
1789419902487;1
1789419902487;0
1789419902508;1
1789419902508;0
1789419902587;1
1789419902587;0
1789419902667;1
1789419902667;0
1789419903218;1
1789419903218;0
1789419903248;1
1789419903248;0
1789419903366;1
1789419903367;0
1789419903387;1
1789419903387;0
