timestamp;queue_length
1789419363568;1
1789419363568;0
1789419363616;1
1789419363616;0
1789419363816;1
1789419363816;0
1789419363867;1
1789419363867;0
1789419363922;1
1789419363922;0
1789419364571;1
1789419364571;0
1789419365865;1
1789419365865;0
1789419366369;1
1789419366369;0
1789419366423;1
1789419366423;0
1789419366624;1
1789419366624;0
1789419367016;1
1789419367016;0
1789419367122;1
1789419367123;0
1789419367174;1
1789419367174;0
1789419367225;1
1789419367225;0
1789419367274;1
1789419367274;0
1789419367423;1
1789419367423;0
1789419367474;1
1789419367474;0
1789419367518;1
1789419367518;0
1789419367610;1
1789419367610;0
1789419367668;1
1789419367668;0
1789419367717;1
1789419367717;0
1789419368025;1
1789419368025;0
1789419368274;1
1789419368274;0
1789419368710;1
1789419368710;0
1789419368868;1
1789419368868;0
1789419369225;1
1789419369225;0
1789419369522;1
1789419369522;0
1789419369574;1
1789419369575;0
1789419369624;1
1789419369624;0
1789419370775;1
1789419370775;0
1789419371118;1
1789419371118;0
1789419371775;1
1789419371775;0
1789419371815;1
1789419371815;0
1789419372674;1
1789419372674;0
1789419373064;1
1789419373064;0
1789419373265;1
1789419373265;0
1789419374211;1
1789419374211;0
1789419374413;1
1789419374413;0
1789419374465;1
1789419374465;0
1789419374523;1
1789419374523;0
1789419374566;1
1789419374566;0
1789419374721;1
1789419374721;0
1789419374775;1
1789419374775;0
1789419374825;1
1789419374825;0
1789419374865;1
1789419374865;0
1789419375567;1
1789419375567;0
1789419375665;1
1789419375665;0
1789419375717;1
1789419375717;0
1789419375774;1
1789419375774;0
1789419375825;1
1789419375825;0
1789419376963;1
1789419376963;0
1789419377015;1
1789419377015;0
1789419377319;1
1789419377319;0
1789419377367;1
1789419377367;0
1789419377521;1
1789419377521;0
1789419377873;1
1789419377873;0
1789419378021;1
1789419378021;0
1789419378275;1
1789419378275;0
1789419378325;1
1789419378325;0
1789419378413;1
1789419378413;0
1789419378519;1
1789419378519;0
1789419378565;1
1789419378565;0
1789419378622;1
1789419378622;0
1789419378671;1
1789419378671;0
1789419378825;1
1789419378825;0
1789419379021;1
1789419379021;0
1789419379073;1
1789419379073;0
1789419379111;1
1789419379111;0
1789419379171;1
1789419379171;0
1789419379225;1
1789419379225;0
1789419379268;1
1789419379268;0
1789419379372;1
1789419379372;0
1789419380115;1
1789419380115;0
1789419380725;1
1789419380725;0
1789419381275;1
1789419381275;0
1789419382606;1
1789419382606;0
1789419382661;1
1789419382661;0
1789419382724;1
1789419382724;0
1789419382825;1
1789419382825;0
1789419382873;1
1789419382873;0
1789419382915;1
1789419382915;0
1789419383117;1
1789419383117;0
1789419383522;1
1789419383522;0
1789419383725;1
1789419383725;0
1789419383920;1
1789419383920;0
1789419384207;1
1789419384207;0
1789419384274;1
1789419384274;0
1789419384317;1
1789419384317;0
1789419384375;1
1789419384375;0
1789419385113;1
1789419385113;0
1789419385614;1
1789419385614;0
1789419385666;1
1789419385666;0
1789419385712;1
1789419385712;0
1789419385762;1
1789419385762;0
1789419385858;1
1789419385858;0
1789419385912;1
1789419385912;0
1789419386375;1
1789419386375;0
1789419386617;1
1789419386617;0
1789419386668;1
1789419386668;0
1789419386725;1
1789419386725;0
1789419387424;1
1789419387424;0
1789419387472;1
1789419387472;0
1789419387575;1
1789419387575;0
1789419387620;1
1789419387620;0
1789419387675;1
1789419387675;0
1789419387969;1
1789419387969;0
1789419388274;1
1789419388274;0
1789419388973;1
1789419388973;0
1789419389015;1
1789419389015;0
1789419389066;1
1789419389066;0
1789419389124;1
1789419389124;0
1789419389162;0
1789419389162;1
1789419389266;1
1789419389266;0
1789419389765;1
1789419389765;0
1789419390222;1
1789419390222;0
1789419390266;1
1789419390266;0
1789419390315;1
1789419390315;0
1789419390625;1
1789419390625;0
1789419390666;1
1789419390666;0
1789419390765;1
1789419390765;0
1789419391163;1
1789419391163;0
1789419391372;1
1789419391372;0
1789419391419;1
1789419391419;0
1789419391474;1
1789419391474;0
1789419391524;1
1789419391524;0
1789419392016;1
1789419392016;0
1789419392174;1
1789419392174;0
1789419392215;1
1789419392215;0
1789419392465;1
1789419392465;0
1789419392717;1
1789419392717;0
1789419393075;1
1789419393075;0
1789419393475;1
1789419393475;0
1789419393515;1
1789419393515;0
1789419393924;1
1789419393924;0
1789419393974;1
1789419393974;0
1789419394965;1
1789419394965;0
1789419395624;1
1789419395624;0
1789419395674;1
1789419395674;0
1789419395724;1
1789419395724;0
1789419395774;1
1789419395774;0
1789419395874;1
1789419395874;0
1789419396074;1
1789419396074;0
1789419396124;1
1789419396124;0
1789419396175;1
1789419396175;0
1789419396225;1
1789419396225;0
1789419396325;1
1789419396325;0
1789419396375;1
1789419396375;0
1789419397015;1
1789419397015;0
1789419397224;1
1789419397224;0
1789419397374;1
1789419397374;0
1789419397474;1
1789419397474;0
1789419397824;1
1789419397824;0
1789419398775;1
1789419398775;0
1789419399123;1
1789419399123;0
1789419399365;1
1789419399365;0
1789419399425;1
1789419399425;0
1789419399475;1
1789419399475;0
1789419399515;1
1789419399515;0
1789419399574;1
1789419399574;0
1789419399674;1
1789419399674;0
1789419401025;1
1789419401025;0
1789419401175;1
1789419401175;0
1789419401625;1
1789419401625;0
1789419401675;1
1789419401675;0
1789419401725;1
1789419401725;0
1789419401825;1
1789419401825;0
1789419401875;1
1789419401875;0
1789419401921;1
1789419401921;0
1789419402915;1
1789419402915;0
1789419403125;1
1789419403125;0
1789419403175;1
1789419403175;0
1789419403524;1
1789419403524;0
1789419404124;1
1789419404124;0
1789419404425;1
1789419404425;0
1789419405066;1
1789419405066;0
1789419405324;1
1789419405324;0
1789419405775;1
1789419405775;0
1789419405915;1
1789419405915;0
1789419406025;1
1789419406025;0
1789419407325;1
1789419407325;0
1789419407715;1
1789419407715;0
1789419407770;1
1789419407770;0
1789419407914;1
1789419407914;0
1789419408174;1
1789419408174;0
1789419408475;1
1789419408475;0
1789419408516;1
1789419408516;0
1789419408575;1
1789419408575;0
1789419408675;1
1789419408675;0
1789419408725;1
1789419408725;0
1789419408775;1
1789419408775;0
1789419409425;1
1789419409425;0
1789419409465;1
1789419409465;0
1789419409524;1
1789419409524;0
1789419409566;1
1789419409566;0
1789419409624;1
1789419409624;0
1789419409674;1
1789419409675;0
1789419409715;1
1789419409715;0
1789419409775;1
1789419409775;0
1789419409865;1
1789419409865;0
1789419409924;1
1789419409924;0
1789419409974;1
1789419409974;0
1789419410015;1
1789419410015;0
1789419410175;1
1789419410175;0
1789419410524;1
1789419410524;0
1789419410824;1
1789419410825;0
1789419410865;1
1789419410865;0
1789419410924;1
1789419410924;0
1789419410974;1
1789419410974;0
1789419411065;1
1789419411065;0
1789419411715;1
1789419411715;0
1789419411774;1
1789419411774;0
1789419411815;1
1789419411815;0
1789419411874;1
1789419411874;0
1789419411922;1
1789419411922;0
1789419412225;1
1789419412225;0
1789419413925;1
1789419413925;0
1789419413975;1
1789419413975;0
1789419414015;1
1789419414015;0
1789419414074;1
1789419414074;0
1789419414524;1
1789419414524;0
1789419414824;1
1789419414824;0
1789419415124;1
1789419415124;0
1789419415174;1
1789419415174;0
1789419415224;1
1789419415224;0
1789419415825;1
1789419415825;0
1789419416074;1
1789419416074;0
1789419416124;1
1789419416124;0
1789419416174;1
1789419416174;0
1789419416274;1
1789419416274;0
1789419416324;1
1789419416324;0
1789419416874;1
1789419416874;0
1789419416924;1
1789419416924;0
1789419416965;1
1789419416965;0
1789419417965;1
1789419417965;0
1789419418025;1
1789419418025;0
1789419418075;1
1789419418075;0
1789419418274;1
1789419418274;0
1789419418624;1
1789419418624;0
1789419418725;1
1789419418725;0
1789419418875;1
1789419418875;0
1789419419215;1
1789419419215;0
1789419419365;1
1789419419365;0
1789419419425;1
1789419419425;0
1789419419475;1
1789419419475;0
1789419419515;1
1789419419515;0
1789419419665;1
1789419419665;0
1789419419875;1
1789419419875;0
1789419419925;1
1789419419925;0
1789419419965;1
1789419419965;0
1789419420074;1
1789419420074;0
1789419420115;1
1789419420115;0
1789419420575;1
1789419420575;0
1789419420775;1
1789419420775;0
1789419420818;1
1789419420818;0
1789419420874;1
1789419420874;0
1789419420924;1
1789419420924;0
1789419421224;1
1789419421224;0
1789419421624;1
1789419421624;0
1789419421659;1
1789419421659;0
1789419421718;1
1789419421718;0
1789419421775;1
1789419421775;0
1789419421825;1
1789419421825;0
1789419421875;1
1789419421875;0
1789419421974;1
1789419421974;0
1789419422024;1
1789419422024;0
1789419422123;1
1789419422123;0
1789419422419;1
1789419422419;0
1789419422474;1
1789419422474;0
1789419422674;1
1789419422674;0
1789419422925;1
1789419422925;0
1789419422972;1
1789419422972;0
1789419423674;1
1789419423674;0
1789419423724;1
1789419423724;0
1789419423774;1
1789419423774;0
1789419423824;1
1789419423824;0
1789419424074;1
1789419424074;0
1789419425074;1
1789419425074;0
1789419425124;1
1789419425124;0
1789419425164;1
1789419425164;0
1789419425224;1
1789419425224;0
1789419425374;1
1789419425374;0
1789419425525;1
1789419425525;0
1789419425723;1
1789419425723;0
1789419425917;1
1789419425917;0
1789419426665;1
1789419426665;0
1789419426874;1
1789419426874;0
1789419426965;1
1789419426965;0
1789419427025;1
1789419427025;0
1789419427075;1
1789419427075;0
1789419427124;1
1789419427124;0
1789419427224;1
1789419427224;0
1789419427765;1
1789419427765;0
1789419427875;1
1789419427875;0
1789419428774;1
1789419428774;0
1789419429174;1
1789419429174;0
1789419429375;1
1789419429375;0
1789419429425;1
1789419429425;0
1789419429462;1
1789419429462;0
1789419430125;1
1789419430125;0
1789419431564;1
1789419431565;0
1789419431625;1
1789419431625;0
1789419431964;1
1789419431964;0
1789419432225;1
1789419432225;0
1789419432274;1
1789419432274;0
1789419432324;1
1789419432324;0
1789419432515;1
1789419432515;0
1789419432575;1
1789419432575;0
1789419433024;1
1789419433024;0
1789419433065;1
1789419433065;0
1789419433525;1
1789419433525;0
1789419433974;1
1789419433974;0
1789419434014;1
1789419434014;0
1789419434075;1
1789419434075;0
1789419434274;1
1789419434274;0
1789419434474;1
1789419434474;0
1789419435415;1
1789419435415;0
1789419435524;1
1789419435524;0
1789419435565;1
1789419435565;0
1789419435625;1
1789419435625;0
1789419435669;1
1789419435669;0
1789419435725;1
1789419435725;0
1789419437116;1
1789419437116;0
1789419437415;1
1789419437415;0
1789419437474;1
1789419437474;0
1789419437525;1
1789419437525;0
1789419437575;1
1789419437575;0
1789419437925;1
1789419437925;0
1789419437975;1
1789419437975;0
1789419438025;1
1789419438025;0
1789419438262;1
1789419438262;0
1789419438324;1
1789419438324;0
1789419438373;1
1789419438373;0
1789419438424;1
1789419438424;0
1789419438474;1
1789419438474;0
1789419438524;1
1789419438524;0
1789419438574;1
1789419438574;0
1789419439975;1
1789419439975;0
1789419440275;1
1789419440275;0
1789419440325;1
1789419440325;0
1789419440365;1
1789419440365;0
1789419440425;1
1789419440425;0
1789419441115;1
1789419441115;0
1789419441565;1
1789419441565;0
1789419441625;1
1789419441625;0
1789419441675;1
1789419441675;0
1789419442015;1
1789419442015;0
1789419442125;1
1789419442125;0
1789419443371;1
1789419443371;0
1789419444375;1
1789419444375;0
1789419444774;1
1789419444774;0
1789419444820;1
1789419444820;0
1789419445224;1
1789419445224;0
1789419445274;1
1789419445274;0
1789419445824;1
1789419445824;0
1789419446225;1
1789419446225;0
1789419446315;1
1789419446315;0
1789419446374;1
1789419446374;0
1789419446424;1
1789419446424;0
1789419446925;1
1789419446925;0
1789419446969;1
1789419446969;0
1789419447025;1
1789419447025;0
1789419447075;1
1789419447075;0
1789419447575;1
1789419447575;0
1789419447824;1
1789419447824;0
1789419448075;1
1789419448075;0
1789419449525;1
1789419449525;0
1789419449565;1
1789419449565;0
1789419449674;1
1789419449674;0
1789419449974;1
1789419449974;0
1789419450065;1
1789419450065;0
1789419450725;1
1789419450725;0
1789419450775;1
1789419450775;0
1789419450825;1
1789419450825;0
1789419450865;1
1789419450865;0
1789419451565;1
1789419451565;0
1789419451625;1
1789419451625;0
1789419452014;1
1789419452014;0
1789419452074;1
1789419452074;0
1789419452624;1
1789419452624;0
1789419452674;1
1789419452674;0
1789419452714;1
1789419452714;0
1789419452775;1
1789419452775;0
1789419452875;1
1789419452875;0
1789419453418;1
1789419453418;0
1789419453474;1
1789419453474;0
1789419453574;1
1789419453574;0
1789419453624;1
1789419453624;0
1789419453674;1
1789419453674;0
1789419453724;1
1789419453724;0
1789419454074;1
1789419454074;0
1789419454124;1
1789419454124;0
1789419454174;1
1789419454174;0
1789419454424;1
1789419454424;0
1789419455374;1
1789419455374;0
1789419455424;1
1789419455424;0
1789419456325;1
1789419456325;0
1789419456774;1
1789419456774;0
1789419456815;1
1789419456815;0
1789419457060;1
1789419457060;0
1789419457215;1
1789419457215;0
1789419457575;1
1789419457575;0
1789419457625;1
1789419457625;0
1789419457724;1
1789419457724;0
1789419457774;1
1789419457774;0
1789419458574;1
1789419458574;0
1789419458675;1
1789419458675;0
1789419458717;1
1789419458717;0
1789419458975;1
1789419458975;0
1789419459025;1
1789419459025;0
1789419459075;1
1789419459075;0
1789419459125;1
1789419459125;0
1789419459175;1
1789419459175;0
1789419459225;1
1789419459225;0
1789419459575;1
1789419459575;0
1789419459625;1
1789419459625;0
1789419459664;1
1789419459664;0
1789419459764;1
1789419459764;0
1789419459815;1
1789419459815;0
1789419459875;1
1789419459875;0
1789419460124;1
1789419460124;0
1789419460174;1
1789419460174;0
1789419460575;1
1789419460575;0
1789419460615;1
1789419460615;0
1789419461174;1
1789419461174;0
1789419461224;1
1789419461224;0
1789419461274;1
1789419461274;0
1789419461315;1
1789419461315;0
1789419461424;1
1789419461424;0
1789419461674;1
1789419461674;0
1789419461717;1
1789419461717;0
1789419461774;1
1789419461774;0
1789419462117;1
1789419462117;0
1789419462174;1
1789419462174;0
1789419462224;1
1789419462224;0
1789419462274;1
1789419462274;0
1789419462375;1
1789419462375;0
1789419463275;1
1789419463275;0
1789419463865;1
1789419463865;0
1789419464524;1
1789419464524;0
1789419464574;1
1789419464575;0
1789419464624;1
1789419464624;0
1789419464674;1
1789419464675;0
1789419465825;1
1789419465825;0
1789419465875;1
1789419465875;0
1789419466124;1
1789419466124;0
1789419467125;1
1789419467125;0
1789419467315;1
1789419467315;0
1789419467524;1
1789419467524;0
1789419467715;1
1789419467715;0
1789419468124;1
1789419468124;0
1789419468715;1
1789419468715;0
1789419469474;1
1789419469474;0
1789419469515;1
1789419469515;0
1789419469725;1
1789419469725;0
1789419469775;1
1789419469775;0
1789419469824;1
1789419469824;0
1789419469875;1
1789419469875;0
1789419469925;1
1789419469925;0
1789419471024;1
1789419471024;0
1789419471074;1
1789419471074;0
1789419471570;1
1789419471570;0
1789419471924;1
1789419471924;0
1789419472074;1
1789419472074;0
1789419472274;1
1789419472274;0
1789419472475;1
1789419472475;0
1789419473517;1
1789419473517;0
1789419473565;1
1789419473565;0
1789419473624;1
1789419473624;0
1789419473674;1
1789419473674;0
1789419473775;1
1789419473775;0
1789419473825;1
1789419473825;0
1789419474165;1
1789419474165;0
1789419474225;1
1789419474225;0
1789419474275;1
1789419474275;0
1789419475925;1
1789419475925;0
1789419475975;1
1789419475975;0
1789419476025;1
1789419476025;0
1789419476625;1
1789419476625;0
1789419477825;1
1789419477825;0
1789419477875;1
1789419477875;0
1789419477915;1
1789419477915;0
1789419478165;1
1789419478165;0
1789419478624;1
1789419478624;0
1789419478674;1
1789419478674;0
1789419478915;1
1789419478915;0
1789419479065;1
1789419479065;0
1789419479874;1
1789419479874;0
1789419479924;1
1789419479924;0
1789419479974;1
1789419479974;0
1789419480374;1
1789419480375;0
1789419480424;1
1789419480425;0
1789419482324;1
1789419482324;0
1789419482575;1
1789419482575;0
1789419482625;1
1789419482625;0
1789419482675;1
1789419482675;0
1789419482875;1
1789419482875;0
1789419483975;1
1789419483975;0
1789419484025;1
1789419484025;0
1789419484070;1
1789419484070;0
1789419484125;1
1789419484125;0
1789419484674;1
1789419484674;0
1789419484714;1
1789419484714;0
1789419484819;1
1789419484819;0
1789419485225;1
1789419485225;0
1789419485615;1
1789419485615;0
1789419485665;1
1789419485665;0
1789419485815;1
1789419485815;0
1789419485875;1
1789419485875;0
1789419485916;1
1789419485916;0
1789419485965;1
1789419485965;0
1789419486024;1
1789419486024;0
1789419486074;1
1789419486074;0
1789419486224;1
1789419486224;0
1789419486274;1
1789419486275;0
1789419487015;1
1789419487015;0
1789419487674;1
1789419487674;0
1789419487775;1
1789419487775;0
1789419487822;1
1789419487822;0
1789419487875;1
1789419487875;0
1789419487925;1
1789419487925;0
1789419488074;1
1789419488074;0
1789419488625;1
1789419488625;0
1789419488725;1
1789419488725;0
1789419488765;1
1789419488765;0
1789419488815;1
1789419488815;0
1789419488875;1
1789419488875;0
1789419489024;1
1789419489024;0
1789419489374;1
1789419489374;0
1789419489675;1
1789419489675;0
1789419489715;1
1789419489715;0
1789419489774;1
1789419489774;0
1789419489824;1
1789419489824;0
1789419490015;1
1789419490015;0
1789419490074;1
1789419490074;0
1789419490369;1
1789419490369;0
1789419490424;1
1789419490424;0
1789419490474;1
1789419490474;0
1789419490625;1
1789419490625;0
1789419490674;1
1789419490674;0
1789419490724;1
1789419490724;0
1789419490764;1
1789419490764;0
1789419491124;1
1789419491124;0
1789419491174;1
1789419491174;0
1789419491224;1
1789419491224;0
1789419491475;1
1789419491475;0
1789419492215;1
1789419492215;0
1789419492524;1
1789419492524;0
1789419492564;1
1789419492564;0
1789419492624;1
1789419492624;0
1789419492674;1
1789419492674;0
1789419492865;1
1789419492865;0
1789419492924;1
1789419492924;0
1789419493224;1
1789419493224;0
1789419493273;1
1789419493273;0
1789419493317;1
1789419493317;0
1789419493425;1
1789419493425;0
1789419494915;1
1789419494915;0
1789419494974;1
1789419494974;0
1789419495024;1
1789419495024;0
1789419495224;1
1789419495224;0
1789419495274;1
1789419495274;0
1789419496074;1
1789419496075;0
1789419496125;1
1789419496125;0
1789419497265;1
1789419497265;0
1789419497325;1
1789419497325;0
1789419497369;1
1789419497369;0
1789419497415;1
1789419497415;0
1789419497920;1
1789419497920;0
1789419498125;1
1789419498125;0
1789419498575;1
1789419498575;0
1789419498625;1
1789419498625;0
1789419499974;1
1789419499974;0
1789419500324;1
1789419500324;0
1789419500424;1
1789419500424;0
1789419500915;1
1789419500915;0
1789419502324;1
1789419502324;0
1789419502374;1
1789419502374;0
1789419502424;1
1789419502424;0
1789419502824;1
1789419502824;0
1789419502874;1
1789419502874;0
1789419503325;1
1789419503325;0
1789419503368;1
1789419503368;0
1789419504767;1
1789419504767;0
1789419504824;1
1789419504824;0
1789419505315;1
1789419505315;0
1789419505569;1
1789419505569;0
1789419505618;1
1789419505618;0
1789419505774;1
1789419505774;0
1789419506025;1
1789419506025;0
1789419506274;1
1789419506274;0
1789419506475;1
1789419506475;0
1789419506775;1
1789419506775;0
1789419506825;1
1789419506825;0
1789419506865;1
1789419506865;0
1789419506924;1
1789419506924;0
1789419507014;1
1789419507014;0
1789419507424;1
1789419507424;0
1789419507575;1
1789419507575;0
1789419507974;1
1789419507974;0
1789419508075;1
1789419508075;0
1789419508125;1
1789419508125;0
1789419508874;1
1789419508874;0
1789419510765;1
1789419510765;0
1789419510825;1
1789419510825;0
1789419510915;1
1789419510915;0
1789419510974;1
1789419510974;0
1789419511474;1
1789419511474;0
1789419511824;1
1789419511824;0
1789419511975;1
1789419511975;0
1789419512425;1
1789419512425;0
1789419512674;1
1789419512674;0
1789419513274;1
1789419513275;0
1789419513415;1
1789419513415;0
1789419513472;1
1789419513472;0
1789419513524;1
1789419513524;0
1789419513574;1
1789419513574;0
1789419513924;1
1789419513924;0
1789419513964;1
1789419513964;0
1789419514024;1
1789419514024;0
1789419514225;1
1789419514225;0
1789419515774;1
1789419515774;0
1789419515971;1
1789419515971;0
1789419516114;1
1789419516114;0
1789419516524;1
1789419516524;0
1789419517722;1
1789419517722;0
1789419517775;1
1789419517775;0
1789419517825;1
1789419517825;0
1789419518120;1
1789419518120;0
1789419518424;1
1789419518424;0
1789419518624;1
1789419518624;0
1789419518865;1
1789419518865;0
1789419518920;1
1789419518920;0
1789419519624;1
1789419519624;0
1789419519664;1
1789419519664;0
1789419519724;1
1789419519724;0
1789419520371;1
1789419520371;0
1789419520415;1
1789419520415;0
1789419520465;1
1789419520465;0
1789419520714;1
1789419520714;0
1789419520974;1
1789419520974;0
1789419521265;1
1789419521265;0
1789419521665;1
1789419521665;0
