timestamp;queue_length
1789419522522;1
1789419522522;0
1789419522572;1
1789419522572;0
1789419522981;1
1789419522981;0
1789419523481;1
1789419523481;0
1789419523528;1
1789419523528;0
1789419523630;1
1789419523630;0
1789419523680;1
1789419523680;0
1789419523730;1
1789419523730;0
1789419524081;1
1789419524081;0
1789419524131;1
1789419524131;0
1789419524181;1
1789419524181;0
1789419524221;1
1789419524221;0
1789419524277;1
1789419524277;0
1789419525330;1
1789419525330;0
1789419525680;1
1789419525681;0
1789419526931;1
1789419526931;0
1789419526979;1
1789419526979;0
1789419527023;1
1789419527023;0
1789419527078;1
1789419527078;0
1789419527228;1
1789419527228;0
1789419527424;1
1789419527424;0
1789419527481;1
1789419527481;0
1789419527531;1
1789419527531;0
1789419528531;1
1789419528531;0
1789419528681;1
1789419528681;0
1789419529123;1
1789419529123;0
1789419529671;1
1789419529671;0
1789419529731;1
1789419529731;0
1789419530221;1
1789419530221;0
1789419530481;1
1789419530481;0
1789419530531;1
1789419530531;0
1789419531681;1
1789419531681;0
1789419531730;1
1789419531730;0
1789419531781;1
1789419531781;0
1789419531828;1
1789419531828;0
1789419531876;1
1789419531876;0
1789419532181;1
1789419532181;0
1789419532231;1
1789419532231;0
1789419532281;1
1789419532281;0
1789419532581;1
1789419532581;0
1789419532831;1
1789419532831;0
1789419534281;1
1789419534281;0
1789419534331;1
1789419534331;0
1789419534481;1
1789419534481;0
1789419534831;1
1789419534831;0
1789419534873;1
1789419534873;0
1789419534930;1
1789419534930;0
1789419535181;1
1789419535181;0
1789419535381;1
1789419535381;0
1789419535421;1
1789419535421;0
1789419535781;1
1789419535781;0
1789419535931;1
1789419535931;0
1789419537230;1
1789419537230;0
1789419537321;1
1789419537321;0
1789419537630;1
1789419537631;0
1789419537731;1
1789419537731;0
1789419537781;1
1789419537781;0
1789419538174;1
1789419538174;0
1789419538280;1
1789419538280;0
1789419538330;1
1789419538330;0
1789419538371;1
1789419538371;0
1789419538428;1
1789419538428;0
1789419538481;1
1789419538481;0
1789419538531;1
1789419538531;0
1789419538574;1
1789419538574;0
1789419539480;1
1789419539480;0
1789419539528;1
1789419539528;0
1789419540068;1
1789419540068;0
1789419540580;1
1789419540580;0
1789419540620;1
1789419540620;0
1789419540730;1
1789419540730;0
1789419540780;1
1789419540780;0
1789419540830;1
1789419540830;0
1789419540877;1
1789419540877;0
1789419541180;1
1789419541180;0
1789419541230;1
1789419541230;0
1789419541271;1
1789419541271;0
1789419541315;1
1789419541315;0
1789419541630;1
1789419541630;0
1789419542125;1
1789419542125;0
1789419542180;1
1789419542180;0
1789419542230;1
1789419542230;0
1789419542280;1
1789419542280;0
1789419543365;1
1789419543365;0
1789419543531;1
1789419543531;0
1789419543581;1
1789419543581;0
1789419543621;1
1789419543621;0
1789419543671;1
1789419543671;0
1789419543780;1
1789419543780;0
1789419543825;1
1789419543825;0
1789419544274;1
1789419544274;0
1789419545872;1
1789419545872;0
1789419546118;1
1789419546118;0
1789419546229;1
1789419546229;0
1789419546380;1
1789419546380;0
1789419547171;1
1789419547171;0
1789419547531;1
1789419547531;0
1789419547731;1
1789419547731;0
1789419548524;1
1789419548524;0
1789419548572;1
1789419548572;0
1789419548771;1
1789419548771;0
1789419548830;1
1789419548830;0
1789419548881;1
1789419548881;0
1789419548930;1
1789419548930;0
1789419549031;1
1789419549031;0
1789419549278;1
1789419549278;0
1789419549325;1
1789419549325;0
1789419549380;1
1789419549380;0
1789419549581;1
1789419549581;0
1789419549731;1
1789419549731;0
1789419549781;1
1789419549781;0
1789419549831;1
1789419549831;0
1789419549870;1
1789419549870;0
1789419549921;1
1789419549921;0
1789419550431;1
1789419550431;0
1789419550481;1
1789419550481;0
1789419550531;1
1789419550531;0
1789419550580;0
1789419550580;1
1789419550621;1
1789419550621;0
1789419551130;1
1789419551130;0
1789419551814;1
1789419551814;0
1789419552521;1
1789419552521;0
1789419553081;1
1789419553081;0
1789419553130;1
1789419553130;0
1789419553180;1
1789419553180;0
1789419553278;1
1789419553278;0
1789419553330;1
1789419553330;0
1789419553971;1
1789419553971;0
1789419554321;1
1789419554321;0
1789419554431;1
1789419554431;0
1789419554772;1
1789419554772;0
1789419554828;1
1789419554829;0
1789419554879;1
1789419554879;0
1789419555429;1
1789419555429;0
1789419555464;1
1789419555464;0
1789419555528;1
1789419555528;0
1789419555575;1
1789419555575;0
1789419555628;1
1789419555628;0
1789419555681;1
1789419555681;0
1789419555730;1
1789419555730;0
1789419556280;1
1789419556280;0
1789419556731;1
1789419556731;0
1789419556781;1
1789419556781;0
1789419557281;1
1789419557281;0
1789419557831;1
1789419557831;0
1789419557871;1
1789419557871;0
1789419557923;1
1789419557923;0
1789419558631;1
1789419558631;0
1789419558681;1
1789419558681;0
1789419558729;1
1789419558729;0
1789419558980;1
1789419558980;0
1789419559014;1
1789419559014;0
1789419559930;1
1789419559931;0
1789419559966;1
1789419559966;0
1789419560421;1
1789419560421;0
1789419560821;1
1789419560821;0
1789419561021;1
1789419561021;0
1789419561080;1
1789419561080;0
1789419561431;1
1789419561431;0
1789419561481;1
1789419561481;0
1789419561522;1
1789419561522;0
1789419561629;1
1789419561629;0
1789419561674;1
1789419561674;0
1789419561730;1
1789419561730;0
1789419561815;1
1789419561815;0
1789419561878;1
1789419561878;0
1789419562071;1
1789419562071;0
1789419562131;1
1789419562131;0
1789419562171;1
1789419562171;0
1789419562221;1
1789419562221;0
1789419562280;1
1789419562280;0
1789419562330;1
1789419562330;0
1789419562780;1
1789419562780;0
1789419562830;1
1789419562830;0
1789419562881;1
1789419562881;0
1789419562921;1
1789419562921;0
1789419563481;1
1789419563481;0
1789419563731;1
1789419563731;0
1789419563781;1
1789419563781;0
1789419564831;1
1789419564831;0
1789419565130;1
1789419565130;0
1789419565231;1
1789419565231;0
1789419565281;1
1789419565281;0
1789419565314;1
1789419565314;0
1789419565371;1
1789419565371;0
1789419565631;1
1789419565631;0
1789419565675;1
1789419565675;0
1789419566080;1
1789419566080;0
1789419566130;1
1789419566130;0
1789419566230;1
1789419566230;0
1789419566271;1
1789419566271;0
1789419566531;1
1789419566531;0
1789419566731;1
1789419566731;0
1789419566830;1
1789419566830;0
1789419566880;1
1789419566880;0
1789419566921;1
1789419566921;0
1789419566980;1
1789419566980;0
1789419567281;1
1789419567281;0
1789419567780;1
1789419567780;0
1789419567830;1
1789419567830;0
1789419567880;1
1789419567880;0
1789419567930;1
1789419567930;0
1789419568021;1
1789419568021;0
1789419568131;1
1789419568131;0
1789419568181;1
1789419568181;0
1789419568980;1
1789419568980;0
1789419569881;1
1789419569881;0
1789419569981;1
1789419569981;0
1789419570371;1
1789419570371;0
1789419570431;1
1789419570431;0
1789419570481;1
1789419570481;0
1789419570830;1
1789419570830;0
1789419570980;1
1789419570980;0
1789419571030;1
1789419571030;0
1789419571531;1
1789419571531;0
1789419571572;1
1789419571572;0
1789419571630;1
1789419571630;0
1789419571680;1
1789419571680;0
1789419571730;1
1789419571730;0
1789419571930;1
1789419571931;0
1789419571968;1
1789419571968;0
1789419572030;1
1789419572030;0
1789419572221;1
1789419572221;0
1789419572980;1
1789419572980;0
1789419573171;1
1789419573171;0
1789419573331;1
1789419573331;0
1789419574181;1
1789419574181;0
1789419574223;1
1789419574223;0
1789419574327;1
1789419574327;0
1789419575331;1
1789419575331;0
1789419575881;1
1789419575881;0
1789419575931;1
1789419575931;0
1789419575981;1
1789419575981;0
1789419576021;1
1789419576021;0
1789419576630;1
1789419576630;0
1789419576680;1
1789419576680;0
1789419576730;1
1789419576730;0
1789419577231;1
1789419577231;0
1789419577531;1
1789419577531;0
1789419577931;1
1789419577931;0
1789419577963;1
1789419577963;0
1789419578030;1
1789419578030;0
1789419578421;1
1789419578421;0
1789419578680;1
1789419578680;0
1789419578871;1
1789419578871;0
1789419579071;0
1789419579071;1
1789419579481;1
1789419579481;0
1789419579831;1
1789419579831;0
1789419579871;1
1789419579871;0
1789419579930;1
1789419579930;0
1789419581371;1
1789419581371;0
1789419581431;1
1789419581431;0
1789419581481;1
1789419581481;0
1789419581881;1
1789419581881;0
1789419582380;1
1789419582380;0
1789419582421;1
1789419582421;0
1789419582720;1
1789419582720;0
1789419582771;1
1789419582771;0
1789419583180;1
1789419583180;0
1789419583680;1
1789419583680;0
1789419583730;1
1789419583730;0
1789419583780;1
1789419583780;0
1789419583828;1
1789419583828;0
1789419583881;1
1789419583881;0
1789419584173;1
1789419584173;0
1789419584421;1
1789419584421;0
1789419584480;1
1789419584480;0
1789419584530;1
1789419584530;0
1789419584731;1
1789419584731;0
1789419584821;1
1789419584821;0
1789419584871;1
1789419584871;0
1789419584930;1
1789419584930;0
1789419584980;1
1789419584980;0
1789419585021;1
1789419585021;0
1789419585081;1
1789419585081;0
1789419585165;1
1789419585165;0
1789419585230;1
1789419585230;0
1789419585280;1
1789419585280;0
1789419585680;1
1789419585680;0
1789419586781;1
1789419586781;0
1789419586831;1
1789419586831;0
1789419586881;1
1789419586881;0
1789419586921;1
1789419586921;0
1789419587230;1
1789419587230;0
1789419587478;1
1789419587478;0
1789419587530;1
1789419587530;0
1789419587721;1
1789419587721;0
1789419587771;1
1789419587771;0
1789419587830;1
1789419587830;0
1789419587880;1
1789419587881;0
1789419588080;1
1789419588080;0
1789419588121;1
1789419588121;0
1789419588380;1
1789419588380;0
1789419588420;1
1789419588420;0
1789419588471;1
1789419588471;0
1789419588580;1
1789419588580;0
1789419588621;1
1789419588621;0
1789419588680;1
1789419588680;0
1789419588721;1
1789419588721;0
1789419588770;1
1789419588770;0
1789419588822;1
1789419588822;0
1789419589031;1
1789419589031;0
1789419589081;1
1789419589081;0
1789419590080;1
1789419590080;0
1789419591230;1
1789419591230;0
1789419591981;1
1789419591981;0
1789419592181;1
1789419592181;0
1789419592681;1
1789419592681;0
1789419593380;1
1789419593380;0
1789419593681;1
1789419593681;0
1789419593728;1
1789419593728;0
1789419594080;1
1789419594080;0
1789419595231;1
1789419595231;0
1789419595281;1
1789419595281;0
1789419595680;1
1789419595680;0
1789419595730;1
1789419595730;0
1789419596030;1
1789419596030;0
1789419596080;1
1789419596080;0
1789419596130;1
1789419596130;0
1789419596971;1
1789419596971;0
1789419597030;1
1789419597030;0
1789419597471;1
1789419597471;0
1789419597730;1
1789419597730;0
1789419597780;1
1789419597780;0
1789419597830;1
1789419597830;0
1789419598031;1
1789419598031;0
1789419598130;1
1789419598130;0
1789419598630;1
1789419598630;0
1789419599021;1
1789419599021;0
1789419599080;1
1789419599080;0
1789419599781;1
1789419599781;0
1789419600280;1
1789419600280;0
1789419600581;1
1789419600581;0
1789419600631;1
1789419600631;0
1789419600681;1
1789419600681;0
1789419601229;1
1789419601229;0
1789419601329;1
1789419601329;0
1789419601876;1
1789419601876;0
1789419601971;1
1789419601971;0
1789419602020;1
1789419602020;0
1789419602073;1
1789419602073;0
1789419602119;1
1789419602119;0
1789419602180;1
1789419602180;0
1789419602280;1
1789419602280;0
1789419602480;1
1789419602480;0
1789419602528;1
1789419602528;0
1789419602580;1
1789419602580;0
1789419603381;1
1789419603381;0
1789419603830;1
1789419603830;0
1789419604321;1
1789419604321;0
1789419604730;1
1789419604730;0
1789419605131;1
1789419605131;0
1789419605330;1
1789419605330;0
1789419605371;1
1789419605371;0
1789419605421;1
1789419605421;0
1789419605478;1
1789419605478;0
1789419605680;1
1789419605681;0
1789419606071;1
1789419606071;0
1789419606131;1
1789419606131;0
1789419606181;1
1789419606181;0
1789419606221;1
1789419606221;0
1789419606480;1
1789419606480;0
1789419606524;1
1789419606524;0
1789419607014;1
1789419607014;0
1789419607431;1
1789419607431;0
1789419607481;1
1789419607481;0
1789419607577;1
1789419607578;0
1789419607681;1
1789419607681;0
1789419607731;1
1789419607731;0
1789419607780;1
1789419607780;0
1789419607830;1
1789419607830;0
1789419608031;1
1789419608031;0
1789419608071;1
1789419608071;0
1789419608579;1
1789419608579;0
1789419609471;1
1789419609471;0
1789419609777;1
1789419609777;0
1789419609928;1
1789419609928;0
1789419609975;1
1789419609975;0
1789419610221;1
1789419610221;0
1789419610371;1
1789419610371;0
1789419611030;1
1789419611031;0
1789419611071;1
1789419611071;0
1789419611121;1
1789419611121;0
1789419611330;1
1789419611330;0
1789419611380;1
1789419611380;0
1789419611421;1
1789419611421;0
1789419611680;1
1789419611680;0
1789419612381;1
1789419612381;0
1789419612681;1
1789419612681;0
1789419613081;1
1789419613081;0
1789419613231;1
1789419613231;0
1789419613373;1
1789419613373;0
1789419613430;1
1789419613430;0
1789419613480;1
1789419613480;0
1789419613530;1
1789419613530;0
1789419613630;1
1789419613630;0
1789419614030;1
1789419614030;0
1789419614330;1
1789419614330;0
1789419614380;1
1789419614380;0
1789419614430;1
1789419614430;0
1789419614480;1
1789419614480;0
1789419614831;1
1789419614831;0
1789419614881;1
1789419614881;0
1789419614927;1
1789419614927;0
1789419614981;1
1789419614981;0
1789419615281;1
1789419615281;0
1789419615331;1
1789419615331;0
1789419615381;1
1789419615381;0
1789419615431;1
1789419615431;0
1789419615781;1
1789419615781;0
1789419615825;1
1789419615825;0
1789419615881;1
1789419615881;0
1789419617031;1
1789419617031;0
1789419617380;1
1789419617380;0
1789419617626;1
1789419617626;0
1789419617680;1
1789419617680;0
1789419617730;1
1789419617730;0
1789419617780;1
1789419617780;0
1789419618831;1
1789419618831;0
1789419618881;1
1789419618881;0
1789419618921;1
1789419618921;0
1789419619580;1
1789419619580;0
1789419619613;1
1789419619613;0
1789419619670;1
1789419619670;0
1789419619780;1
1789419619780;0
1789419619830;1
1789419619830;0
1789419619931;1
1789419619931;0
1789419619981;1
1789419619981;0
1789419620227;1
1789419620227;0
1789419620380;1
1789419620380;0
1789419620423;1
1789419620423;0
1789419620681;1
1789419620681;0
1789419620830;1
1789419620830;0
1789419620927;1
1789419620927;0
1789419621421;1
1789419621421;0
1789419621630;1
1789419621630;0
1789419621680;1
1789419621680;0
1789419621730;1
1789419621730;0
1789419622567;1
1789419622567;0
1789419623712;1
1789419623712;0
1789419624030;1
1789419624030;0
1789419624121;1
1789419624121;0
1789419625071;1
1789419625071;0
1789419625121;1
1789419625121;0
1789419625180;1
1789419625180;0
1789419626031;1
1789419626031;0
1789419626221;1
1789419626221;0
1789419626281;1
1789419626281;0
1789419626331;1
1789419626331;0
1789419626931;1
1789419626931;0
1789419627131;1
1789419627131;0
1789419628830;1
1789419628830;0
1789419628930;1
1789419628930;0
1789419628980;1
1789419628980;0
1789419629230;1
1789419629230;0
1789419630330;1
1789419630330;0
1789419630473;1
1789419630474;0
1789419630523;1
1789419630523;0
1789419630573;1
1789419630573;0
1789419630630;1
1789419630630;0
1789419630672;1
1789419630672;0
1789419630971;1
1789419630971;0
1789419631031;1
1789419631031;0
1789419631081;1
1789419631081;0
1789419631880;1
1789419631880;0
1789419632722;1
1789419632722;0
1789419632779;1
1789419632779;0
1789419632831;1
1789419632831;0
1789419632881;1
1789419632881;0
1789419632931;1
1789419632931;0
1789419632981;1
1789419632981;0
1789419633330;1
1789419633330;0
1789419633371;1
1789419633371;0
1789419633431;1
1789419633431;0
1789419633481;1
1789419633481;0
1789419634180;1
1789419634180;0
1789419634531;1
1789419634531;0
1789419635431;1
1789419635431;0
1789419635571;1
1789419635571;0
1789419635630;1
1789419635630;0
1789419635721;1
1789419635721;0
1789419635781;1
1789419635781;0
1789419635831;1
1789419635831;0
1789419636371;1
1789419636371;0
1789419636480;1
1789419636480;0
1789419636530;1
1789419636530;0
1789419636580;1
1789419636580;0
1789419636621;1
1789419636621;0
1789419637330;1
1789419637330;0
1789419637380;1
1789419637380;0
1789419638331;1
1789419638331;0
1789419638431;1
1789419638431;0
1789419638481;1
1789419638481;0
1789419639481;1
1789419639481;0
1789419639730;1
1789419639730;0
1789419639773;1
1789419639773;0
1789419640327;1
1789419640327;0
1789419640378;1
1789419640378;0
1789419640630;1
1789419640630;0
1789419640680;1
1789419640680;0
1789419640730;1
1789419640730;0
1789419640881;1
1789419640881;0
1789419640931;1
1789419640931;0
1789419640981;1
1789419640981;0
1789419641031;1
1789419641031;0
1789419641071;1
1789419641071;0
1789419641133;1
1789419641133;0
1789419641223;1
1789419641223;0
1789419641280;1
1789419641280;0
1789419641330;1
1789419641330;0
1789419641374;1
1789419641374;0
1789419641780;1
1789419641780;0
1789419641821;1
1789419641821;0
1789419642080;1
1789419642080;0
1789419642130;1
1789419642130;0
1789419642731;1
1789419642731;0
1789419643181;1
1789419643181;0
1789419643231;1
1789419643231;0
1789419643631;1
1789419643631;0
1789419643715;1
1789419643715;0
1789419643771;1
1789419643771;0
1789419643830;1
1789419643830;0
1789419643880;1
1789419643880;0
1789419643931;1
1789419643931;0
1789419643971;1
1789419643971;0
1789419644021;1
1789419644021;0
1789419645231;1
1789419645231;0
1789419645281;1
1789419645281;0
1789419645331;1
1789419645331;0
1789419645918;1
1789419645918;0
1789419647331;1
1789419647331;0
1789419647381;1
1789419647381;0
1789419647431;1
1789419647431;0
1789419647921;1
1789419647921;0
1789419647980;1
1789419647980;0
1789419648080;1
1789419648080;0
1789419648130;1
1789419648130;0
1789419648180;1
1789419648180;0
1789419648261;1
1789419648261;0
1789419648331;1
1789419648331;0
1789419648730;1
1789419648730;0
1789419649180;1
1789419649180;0
1789419649431;1
1789419649431;0
1789419650281;1
1789419650281;0
1789419650381;1
1789419650381;0
1789419650611;1
1789419650611;0
1789419650680;1
1789419650680;0
1789419650730;1
1789419650730;0
1789419651831;1
1789419651831;0
1789419651871;1
1789419651871;0
1789419651931;1
1789419651931;0
1789419651981;1
1789419651981;0
1789419652023;1
1789419652023;0
1789419653121;1
1789419653121;0
1789419653530;1
1789419653530;0
1789419653731;1
1789419653731;0
1789419653980;1
1789419653980;0
1789419654030;1
1789419654030;0
1789419654425;1
1789419654425;0
1789419654530;1
1789419654530;0
1789419655121;1
1789419655121;0
1789419655680;1
1789419655680;0
1789419655730;1
1789419655730;0
1789419655761;1
1789419655761;0
1789419655831;1
1789419655831;0
1789419656431;1
1789419656431;0
1789419656631;1
1789419656631;0
1789419656681;1
1789419656681;0
1789419656731;1
1789419656731;0
1789419656928;1
1789419656928;0
1789419657080;1
1789419657080;0
1789419657130;1
1789419657130;0
1789419657180;1
1789419657180;0
1789419657220;1
1789419657220;0
1789419657720;1
1789419657720;0
1789419657931;1
1789419657931;0
1789419658381;1
1789419658381;0
1789419658431;1
1789419658431;0
1789419658681;1
1789419658681;0
1789419659929;1
1789419659929;0
1789419659981;1
1789419659981;0
1789419660022;1
1789419660022;0
1789419660081;1
1789419660081;0
1789419660181;1
1789419660181;0
1789419660365;1
1789419660365;0
1789419661122;1
1789419661122;0
1789419661521;1
1789419661521;0
1789419662013;1
1789419662013;0
1789419662481;1
1789419662481;0
1789419662771;1
1789419662771;0
1789419662831;1
1789419662831;0
1789419662872;1
1789419662872;0
1789419662931;1
1789419662931;0
1789419663030;1
1789419663031;0
1789419663280;1
1789419663280;0
1789419663312;1
1789419663312;0
1789419663380;1
1789419663380;0
1789419663730;1
1789419663730;0
1789419663776;1
1789419663776;0
1789419663830;1
1789419663830;0
1789419663880;1
1789419663880;0
1789419663921;1
1789419663921;0
1789419663971;1
1789419663971;0
1789419664380;1
1789419664380;0
1789419664530;1
1789419664531;0
1789419665031;1
1789419665031;0
1789419665081;1
1789419665081;0
1789419665180;1
1789419665180;0
1789419665230;1
1789419665230;0
1789419665280;1
1789419665280;0
1789419665480;1
1789419665480;0
1789419665530;1
1789419665530;0
1789419666130;1
1789419666130;0
1789419666167;1
1789419666167;0
1789419666221;1
1789419666221;0
1789419666580;1
1789419666580;0
1789419666630;1
1789419666630;0
1789419666680;1
1789419666680;0
1789419666730;1
1789419666730;0
1789419667021;1
1789419667021;0
1789419667471;1
1789419667471;0
1789419667521;1
1789419667521;0
1789419667578;1
1789419667578;0
1789419667621;1
1789419667621;0
1789419667680;1
1789419667680;0
1789419667819;1
1789419667819;0
1789419667980;1
1789419667980;0
1789419668030;1
1789419668030;0
1789419668070;1
1789419668070;0
1789419668130;1
1789419668130;0
1789419668430;1
1789419668430;0
1789419668730;1
1789419668730;0
1789419669430;1
1789419669430;0
1789419669470;1
1789419669470;0
1789419669530;1
1789419669530;0
1789419669580;1
1789419669580;0
1789419669931;1
1789419669931;0
1789419669971;1
1789419669971;0
1789419670021;1
1789419670021;0
1789419670080;1
1789419670080;0
1789419670130;1
1789419670130;0
1789419670180;1
1789419670180;0
1789419670271;1
1789419670271;0
1789419670580;1
1789419670580;0
1789419670630;1
1789419670631;0
1789419670871;1
1789419670871;0
1789419670930;1
1789419670930;0
1789419670980;1
1789419670980;0
1789419671020;1
1789419671020;0
1789419671181;1
1789419671181;0
1789419671581;1
1789419671581;0
1789419672179;1
1789419672179;0
1789419672481;1
1789419672481;0
1789419672931;1
1789419672931;0
1789419672981;1
1789419672981;0
1789419673031;1
1789419673031;0
1789419673420;1
1789419673420;0
1789419673581;1
1789419673581;0
1789419673631;1
1789419673631;0
1789419674031;1
1789419674031;0
1789419674074;1
1789419674074;0
1789419674131;1
1789419674131;0
1789419674181;1
1789419674181;0
1789419674231;1
1789419674231;0
1789419674281;1
1789419674281;0
1789419674325;1
1789419674325;0
1789419674380;1
1789419674380;0
1789419674527;1
1789419674527;0
1789419674571;1
1789419674571;0
1789419675630;1
1789419675630;0
1789419675680;1
1789419675681;0
1789419675730;1
1789419675730;0
1789419675981;1
1789419675981;0
1789419676531;1
1789419676531;0
1789419677021;1
1789419677021;0
1789419677080;1
1789419677080;0
1789419677130;1
1789419677130;0
1789419677180;1
1789419677180;0
1789419677520;1
1789419677520;0
1789419677580;1
1789419677580;0
1789419677631;1
1789419677631;0
1789419677931;1
1789419677931;0
1789419677980;1
1789419677981;0
1789419678030;1
1789419678030;0
1789419678071;1
1789419678071;0
1789419678121;1
1789419678121;0
1789419678680;1
1789419678680;0
1789419678730;1
1789419678730;0
1789419679380;1
1789419679380;0
1789419679781;1
1789419679781;0
1789419680330;1
1789419680330;0
1789419680381;1
1789419680381;0
1789419680431;1
1789419680431;0
1789419680481;1
1789419680481;0
