timestamp;queue_length
1789419904031;1
1789419904031;0
1789419904047;1
1789419904089;0
1789419904125;1
1789419904125;0
1789419904138;1
1789419904150;0
1789419904167;1
1789419904167;0
1789419904428;1
1789419904428;0
1789419904947;1
1789419904947;0
1789419905137;1
1789419905137;0
1789419905168;1
1789419905168;0
1789419905247;1
1789419905247;0
1789419905404;1
1789419905404;0
1789419905448;1
1789419905448;0
1789419905467;1
1789419905468;0
1789419905488;1
1789419905488;0
1789419905499;1
1789419905499;0
1789419905567;1
1789419905567;0
1789419905587;1
1789419905587;0
1789419905608;1
1789419905608;0
1789419905643;1
1789419905643;0
1789419905669;1
1789419905669;0
1789419905687;1
1789419905687;0
1789419905807;1
1789419905807;0
1789419905908;1
1789419905908;0
1789419906088;1
1789419906088;0
1789419906148;1
1789419906148;0
1789419906288;1
1789419906288;0
1789419906408;1
1789419906408;0
1789419906427;1
1789419906429;0
1789419906447;1
1789419906447;0
1789419906907;1
1789419906907;0
1789419907039;1
1789419907039;0
1789419907297;1
1789419907297;0
1789419907328;1
1789419907328;0
1789419907668;1
1789419907668;0
1789419907827;1
1789419907827;0
1789419907907;1
1789419907907;0
1789419908286;1
1789419908287;0
1789419908368;1
1789419908368;0
1789419908387;1
1789419908395;0
1789419908407;1
1789419908417;0
1789419908428;1
1789419908428;0
1789419908487;1
1789419908487;0
1789419908507;1
1789419908507;0
1789419908527;1
1789419908527;0
1789419908548;1
1789419908548;0
1789419908819;1
1789419908819;0
1789419908868;1
1789419908868;0
1789419908887;1
1789419908887;0
1789419908907;1
1789419908907;0
1789419908928;1
1789419908928;0
1789419909387;1
1789419909387;0
1789419909397;1
1789419909409;0
1789419909519;1
1789419909519;0
1789419909548;1
1789419909548;0
1789419909608;1
1789419909608;0
1789419909744;1
1789419909744;0
1789419909806;1
1789419909806;0
1789419909902;1
1789419909902;0
1789419909928;1
1789419909928;0
1789419909967;1
1789419909967;0
1789419910007;1
1789419910007;0
1789419910027;1
1789419910027;0
1789419910039;1
1789419910039;0
1789419910067;1
1789419910067;0
1789419910119;1
1789419910119;0
1789419910198;1
1789419910198;0
1789419910227;1
1789419910227;0
1789419910248;1
1789419910248;0
1789419910267;1
1789419910267;0
1789419910277;1
1789419910277;0
1789419910308;1
1789419910308;0
1789419910347;1
1789419910347;0
1789419910647;1
1789419910647;0
1789419910887;1
1789419910887;0
1789419911106;1
1789419911106;0
1789419911647;1
1789419911647;0
1789419911667;1
1789419911667;0
1789419911687;1
1789419911689;0
1789419911727;1
1789419911727;0
1789419911737;1
1789419911747;0
1789419911768;1
1789419911768;0
1789419911847;1
1789419911847;0
1789419912007;1
1789419912007;0
1789419912087;1
1789419912087;0
1789419912167;1
1789419912167;0
1789419912287;1
1789419912287;0
1789419912308;1
1789419912308;0
1789419912327;1
1789419912327;0
1789419912347;1
1789419912347;0
1789419912647;1
1789419912647;0
1789419912847;1
1789419912847;0
1789419912857;1
1789419912868;0
1789419912890;1
1789419912890;0
1789419912897;1
1789419912897;0
1789419912947;1
1789419912947;0
1789419912966;1
1789419912972;0
1789419913147;1
1789419913147;0
1789419913248;1
1789419913248;0
1789419913267;1
1789419913267;0
1789419913287;1
1789419913287;0
1789419913568;1
1789419913568;0
1789419913587;1
1789419913587;0
1789419913628;1
1789419913628;0
1789419913647;1
1789419913647;0
1789419913667;1
1789419913667;0
1789419913783;1
1789419913783;0
1789419913908;1
1789419913908;0
1789419914187;1
1789419914187;0
1789419914207;1
1789419914207;0
1789419914228;1
1789419914228;0
1789419914247;1
1789419914247;0
1789419914267;1
1789419914267;0
1789419914307;1
1789419914307;0
1789419914503;1
1789419914503;0
1789419914687;1
1789419914687;0
1789419914699;1
1789419914699;0
1789419914726;1
1789419914726;0
1789419914845;1
1789419914845;0
1789419914868;1
1789419914868;0
1789419914901;1
1789419914901;0
1789419915066;1
1789419915066;0
1789419915147;1
1789419915147;0
1789419915167;1
1789419915171;0
1789419915183;1
1789419915183;0
1789419915207;1
1789419915207;0
1789419915407;1
1789419915407;0
1789419915466;1
1789419915466;0
1789419915487;1
1789419915487;0
1789419915587;1
1789419915587;0
1789419915688;1
1789419915688;0
1789419915827;1
1789419915827;0
1789419915987;1
1789419915987;0
1789419916008;1
1789419916008;0
1789419916167;1
1789419916167;0
1789419916188;1
1789419916192;0
1789419916580;1
1789419916580;0
1789419916848;1
1789419916848;0
1789419916866;1
1789419916870;0
1789419916887;1
1789419916887;0
1789419916897;1
1789419916897;0
1789419916947;1
1789419916947;0
1789419917017;1
1789419917017;0
1789419917040;1
1789419917040;0
1789419917067;1
1789419917067;0
1789419917078;1
1789419917078;0
1789419917131;1
1789419917131;0
1789419917144;1
1789419917153;0
1789419917403;1
1789419917403;0
1789419917484;1
1789419917484;0
1789419917542;1
1789419917542;0
1789419917586;1
1789419917586;0
1789419917726;1
1789419917726;0
1789419918108;1
1789419918108;0
1789419918248;1
1789419918248;0
1789419918347;1
1789419918347;0
1789419918368;1
1789419918368;0
1789419918387;1
1789419918400;0
1789419918407;1
1789419918407;0
1789419918424;1
1789419918424;0
1789419918467;1
1789419918467;0
1789419919008;1
1789419919008;0
1789419919068;1
1789419919068;0
1789419919247;1
1789419919247;0
1789419919267;1
1789419919267;0
1789419919286;1
1789419919293;0
1789419919327;1
1789419919327;0
1789419919347;1
1789419919347;0
1789419919368;1
1789419919368;0
1789419919767;1
1789419919767;0
1789419919846;1
1789419919846;0
1789419919862;1
1789419919879;0
1789419920008;1
1789419920008;0
1789419920247;1
1789419920247;0
1789419920366;1
1789419920366;0
1789419920620;1
1789419920620;0
1789419920728;1
1789419920728;0
1789419920906;1
1789419920906;0
1789419920967;1
1789419920967;0
1789419921006;1
1789419921006;0
1789419921528;1
1789419921528;0
1789419921688;1
1789419921688;0
1789419921707;1
1789419921707;0
1789419921767;1
1789419921767;0
1789419921857;1
1789419921857;0
1789419921985;1
1789419921985;0
1789419922008;1
1789419922008;0
1789419922027;1
1789419922027;0
1789419922068;1
1789419922068;0
1789419922087;1
1789419922088;0
1789419922107;1
1789419922107;0
1789419922368;1
1789419922368;0
1789419922387;1
1789419922387;0
1789419922408;1
1789419922408;0
1789419922427;1
1789419922427;0
1789419922447;1
1789419922450;0
1789419922457;1
1789419922471;0
1789419922487;1
1789419922489;0
1789419922507;1
1789419922508;0
1789419922548;1
1789419922548;0
1789419922567;1
1789419922567;0
1789419922587;1
1789419922587;0
1789419922608;1
1789419922608;0
1789419922667;1
1789419922667;0
1789419922807;1
1789419922807;0
1789419922927;1
1789419922927;0
1789419922947;1
1789419922947;0
1789419922966;1
1789419922966;0
1789419922987;1
1789419922987;0
1789419923028;1
1789419923029;0
1789419923287;1
1789419923287;0
1789419923308;1
1789419923308;0
1789419923326;1
1789419923327;0
1789419923347;1
1789419923347;0
1789419923365;1
1789419923365;0
1789419923486;1
1789419923486;0
1789419924167;1
1789419924167;0
1789419924177;1
1789419924186;0
1789419924208;1
1789419924208;0
1789419924227;1
1789419924227;0
1789419924406;1
1789419924406;0
1789419924520;1
1789419924520;0
1789419924637;1
1789419924637;0
1789419924668;1
1789419924668;0
1789419924687;1
1789419924687;0
1789419924917;1
1789419924917;0
1789419925023;1
1789419925023;0
1789419925047;1
1789419925047;0
1789419925067;1
1789419925067;0
1789419925107;1
1789419925108;0
1789419925127;1
1789419925127;0
1789419925348;1
1789419925348;0
1789419925367;1
1789419925367;0
1789419925387;1
1789419925387;0
1789419925779;1
1789419925779;0
1789419925807;1
1789419925807;0
1789419925827;1
1789419925827;0
1789419925907;1
1789419925907;0
1789419926045;1
1789419926045;0
1789419926078;1
1789419926078;0
1789419926145;1
1789419926145;0
1789419926288;1
1789419926288;0
1789419926346;1
1789419926346;0
1789419926367;1
1789419926367;0
1789419926387;1
1789419926387;0
1789419926406;1
1789419926406;0
1789419926466;1
1789419926466;0
1789419926548;1
1789419926548;0
1789419926567;1
1789419926568;0
1789419926587;1
1789419926587;0
1789419926627;1
1789419926627;0
1789419926637;1
1789419926647;0
1789419926827;1
1789419926827;0
1789419926907;1
1789419926907;0
1789419926918;1
1789419926927;0
1789419926947;1
1789419926947;0
1789419926967;1
1789419926967;0
1789419927087;1
1789419927087;0
1789419927247;1
1789419927247;0
1789419927267;1
1789419927267;0
1789419927287;1
1789419927287;0
1789419927307;1
1789419927307;0
1789419927327;1
1789419927327;0
1789419927337;1
1789419927337;0
1789419927387;1
1789419927387;0
1789419927407;1
1789419927407;0
1789419927447;1
1789419927447;0
1789419927567;1
1789419927567;0
1789419927579;1
1789419927589;0
1789419927666;1
1789419927666;0
1789419927767;1
1789419927767;0
1789419927787;1
1789419927788;0
1789419928057;1
1789419928057;0
1789419928087;1
1789419928087;0
1789419928107;1
1789419928107;0
1789419928128;1
1789419928128;0
1789419928220;1
1789419928220;0
1789419928624;1
1789419928624;0
1789419928648;1
1789419928648;0
1789419928667;1
1789419928667;0
1789419928687;1
1789419928687;0
1789419928740;1
1789419928740;0
1789419928807;1
1789419928807;0
1789419928886;1
1789419928886;0
1789419928967;1
1789419928967;0
1789419929267;1
1789419929267;0
1789419929344;1
1789419929344;0
1789419929381;1
1789419929381;0
1789419929405;1
1789419929405;0
1789419929429;1
1789419929429;0
1789419929437;1
1789419929437;0
1789419929487;1
1789419929487;0
1789419929706;1
1789419929706;0
1789419929747;1
1789419929747;0
1789419930097;1
1789419930097;0
1789419930267;1
1789419930267;0
1789419930347;1
1789419930347;0
1789419930368;1
1789419930368;0
1789419930387;1
1789419930387;0
1789419930637;1
1789419930637;0
1789419931228;1
1789419931228;0
1789419931246;1
1789419931249;0
1789419931387;1
1789419931387;0
1789419931477;1
1789419931477;0
1789419931507;1
1789419931507;0
1789419931527;1
1789419931527;0
1789419931607;1
1789419931607;0
1789419931628;1
1789419931628;0
1789419931808;1
1789419931808;0
1789419931823;1
1789419931827;0
1789419932008;1
1789419932008;0
1789419932186;1
1789419932186;0
1789419932204;1
1789419932205;0
1789419932222;1
1789419932224;0
1789419932307;1
1789419932307;0
1789419932388;1
1789419932388;0
1789419932768;1
1789419932768;0
1789419932807;1
1789419932807;0
1789419932828;1
1789419932828;0
1789419932847;1
1789419932847;0
1789419932867;1
1789419932867;0
1789419932877;1
1789419932877;0
1789419933446;1
1789419933446;0
1789419933568;1
1789419933568;0
1789419933587;1
1789419933587;0
1789419933607;1
1789419933607;0
1789419933628;1
1789419933628;0
1789419933768;1
1789419933768;0
1789419933784;1
1789419933786;0
1789419933809;1
1789419933809;0
1789419933908;1
1789419933908;0
1789419933927;1
1789419933927;0
1789419933943;1
1789419933946;0
1789419933960;1
1789419933967;0
1789419933976;1
1789419933976;0
1789419934010;1
1789419934010;0
1789419934026;1
1789419934026;0
1789419934587;1
1789419934587;0
1789419934708;1
1789419934708;0
1789419934726;1
1789419934728;0
1789419934748;1
1789419934748;0
1789419934767;1
1789419934767;0
1789419935047;1
1789419935047;0
1789419935228;1
1789419935228;0
1789419935247;1
1789419935247;0
1789419935257;1
1789419935257;0
1789419935406;1
1789419935406;0
1789419935448;1
1789419935448;0
1789419935947;1
1789419935948;0
1789419936347;1
1789419936347;0
1789419936497;1
1789419936497;0
1789419936528;1
1789419936528;0
1789419936687;1
1789419936687;0
1789419936707;1
1789419936707;0
1789419936927;1
1789419936927;0
1789419937077;1
1789419937077;0
1789419937127;1
1789419937127;0
1789419937147;1
1789419937147;0
1789419937168;1
1789419937168;0
1789419937367;1
1789419937367;0
1789419937380;1
1789419937385;0
1789419937408;1
1789419937408;0
1789419937427;1
1789419937428;0
1789419937624;1
1789419937624;0
1789419937728;1
1789419937728;0
1789419937827;1
1789419937827;0
1789419938397;1
1789419938397;0
1789419938427;1
1789419938427;0
1789419938467;1
1789419938467;0
1789419938582;1
1789419938582;0
1789419938618;1
1789419938618;0
1789419938887;1
1789419938887;0
1789419938907;1
1789419938907;0
1789419938928;1
1789419938928;0
1789419938947;1
1789419938947;0
1789419939227;1
1789419939227;0
1789419939248;1
1789419939248;0
1789419939407;1
1789419939407;0
1789419939426;1
1789419939427;0
1789419939647;1
1789419939647;0
1789419939667;1
1789419939667;0
1789419939688;1
1789419939688;0
1789419939707;1
1789419939707;0
1789419939748;1
1789419939748;0
1789419939967;1
1789419939967;0
1789419939987;1
1789419939988;0
1789419940027;1
1789419940027;0
1789419940047;1
1789419940047;0
1789419940068;1
1789419940068;0
1789419940087;1
1789419940087;0
1789419940227;1
1789419940227;0
1789419940245;1
1789419940245;0
1789419940269;1
1789419940269;0
1789419940367;1
1789419940367;0
1789419940747;1
1789419940747;0
1789419940768;1
1789419940768;0
1789419941117;1
1789419941117;0
1789419941307;1
1789419941307;0
1789419941320;1
1789419941328;0
1789419941426;1
1789419941426;0
1789419941487;1
1789419941487;0
1789419941617;1
1789419941617;0
1789419941647;1
1789419941647;0
1789419941677;1
1789419941677;0
1789419941707;1
1789419941707;0
1789419942027;1
1789419942027;0
1789419942068;1
1789419942068;0
1789419942087;1
1789419942087;0
1789419942188;1
1789419942188;0
1789419942207;1
1789419942210;0
1789419942227;1
1789419942230;0
1789419942248;1
1789419942248;0
1789419942267;1
1789419942269;0
1789419942287;1
1789419942289;0
1789419942427;1
1789419942427;0
1789419942443;1
1789419942447;0
1789419942469;1
1789419942469;0
1789419942496;1
1789419942496;0
1789419942529;1
1789419942530;0
1789419942546;1
1789419942546;0
1789419942647;1
1789419942647;0
1789419942668;1
1789419942668;0
1789419942827;1
1789419942827;0
1789419942846;1
1789419942846;0
1789419943067;1
1789419943067;0
1789419943088;1
1789419943088;0
1789419943107;1
1789419943108;0
1789419943121;1
1789419943121;0
1789419943164;1
1789419943164;0
1789419943267;1
1789419943267;0
1789419943287;1
1789419943287;0
1789419943308;1
1789419943308;0
1789419943447;1
1789419943447;0
1789419943457;1
1789419943468;0
1789419943477;1
1789419943487;0
1789419943508;1
1789419943508;0
1789419943537;1
1789419943537;0
1789419943907;1
1789419943907;0
1789419944147;1
1789419944147;0
1789419944407;1
1789419944407;0
1789419944428;1
1789419944428;0
1789419944447;1
1789419944448;0
1789419944467;1
1789419944467;0
1789419944928;1
1789419944928;0
1789419944947;1
1789419944947;0
1789419945048;1
1789419945048;0
1789419945442;1
1789419945442;0
1789419945519;1
1789419945519;0
1789419945607;1
1789419945607;0
1789419945683;1
1789419945683;0
1789419945844;1
1789419945844;0
1789419946080;1
1789419946080;0
1789419946377;1
1789419946377;0
1789419946408;1
1789419946408;0
1789419946487;1
1789419946487;0
1789419946507;1
1789419946507;0
1789419946528;1
1789419946528;0
1789419946547;1
1789419946547;0
1789419946562;1
1789419946562;0
1789419947005;1
1789419947005;0
1789419947027;1
1789419947027;0
1789419947228;1
1789419947228;0
1789419947356;1
1789419947356;0
1789419947427;1
1789419947427;0
1789419947498;1
1789419947498;0
1789419947588;1
1789419947588;0
1789419947997;1
1789419947997;0
1789419948028;1
1789419948028;0
1789419948047;1
1789419948047;0
1789419948067;1
1789419948067;0
1789419948107;1
1789419948107;0
1789419948117;1
1789419948128;0
1789419948268;1
1789419948268;0
1789419948287;1
1789419948290;0
1789419948297;1
1789419948309;0
1789419948967;1
1789419948967;0
1789419948986;1
1789419948986;0
1789419949008;1
1789419949008;0
1789419949247;1
1789419949247;0
1789419949728;1
1789419949728;0
1789419949747;1
1789419949747;0
1789419949767;1
1789419949767;0
1789419949867;1
1789419949867;0
1789419950048;1
1789419950048;0
1789419950067;1
1789419950067;0
1789419950168;1
1789419950168;0
1789419950226;1
1789419950226;0
1789419950547;1
1789419950547;0
1789419950568;1
1789419950568;0
1789419950587;1
1789419950587;0
1789419950746;1
1789419950746;0
1789419950767;1
1789419950767;0
1789419951528;1
1789419951528;0
1789419951627;1
1789419951627;0
1789419951647;1
1789419951647;0
1789419951668;1
1789419951668;0
1789419951747;1
1789419951747;0
1789419952188;1
1789419952188;0
1789419952207;1
1789419952207;0
1789419952217;1
1789419952217;0
1789419952248;1
1789419952248;0
1789419952467;1
1789419952467;0
1789419952487;1
1789419952487;0
1789419952527;1
1789419952527;0
1789419952688;1
1789419952688;0
1789419952847;1
1789419952847;0
1789419952857;1
1789419952866;0
1789419952927;1
1789419952927;0
1789419952948;1
1789419952948;0
1789419952967;1
1789419952967;0
1789419952987;1
1789419952987;0
1789419953008;1
1789419953008;0
1789419953021;1
1789419953021;0
1789419953087;1
1789419953087;0
1789419953100;1
1789419953106;0
1789419953407;1
1789419953407;0
1789419953667;1
1789419953667;0
1789419953708;1
1789419953708;0
1789419953727;1
1789419953727;0
1789419953747;1
1789419953747;0
1789419953768;1
1789419953768;0
1789419953828;1
1789419953828;0
1789419954047;1
1789419954047;0
1789419954088;1
1789419954088;0
1789419954107;1
1789419954107;0
1789419954122;1
1789419954122;0
1789419954148;1
1789419954148;0
1789419954208;1
1789419954208;0
1789419954347;1
1789419954347;0
1789419954467;1
1789419954467;0
1789419954487;1
1789419954487;0
1789419954508;1
1789419954508;0
1789419954527;1
1789419954527;0
1789419954607;1
1789419954607;0
1789419954626;1
1789419954626;0
1789419954746;1
1789419954747;0
1789419954768;1
1789419954768;0
1789419954787;1
1789419954787;0
1789419954836;1
1789419954836;0
1789419954869;1
1789419954869;0
1789419954878;1
1789419954878;0
1789419954907;1
1789419954907;0
1789419955047;1
1789419955047;0
1789419955068;1
1789419955068;0
1789419955087;1
1789419955087;0
1789419955186;1
1789419955186;0
1789419955477;1
1789419955477;0
1789419955607;1
1789419955607;0
1789419955628;1
1789419955628;0
1789419955647;1
1789419955647;0
1789419955667;1
1789419955667;0
1789419955747;1
1789419955747;0
1789419955767;1
1789419955767;0
1789419955886;1
1789419955886;0
1789419955908;1
1789419955908;0
1789419955926;1
1789419955926;0
1789419955966;1
1789419955966;0
1789419956567;1
1789419956567;0
1789419956580;1
1789419956587;0
1789419956607;1
1789419956607;0
1789419956686;1
1789419956686;0
1789419956707;1
1789419956707;0
1789419957027;1
1789419957027;0
1789419957048;1
1789419957048;0
1789419957508;1
1789419957508;0
1789419957527;1
1789419957527;0
1789419957547;1
1789419957547;0
1789419957557;1
1789419957557;0
1789419957767;1
1789419957767;0
1789419957837;1
1789419957837;0
1789419958027;1
1789419958027;0
1789419958046;1
1789419958047;0
1789419958587;1
1789419958587;0
1789419958728;1
1789419958728;0
1789419958767;1
1789419958767;0
1789419958967;1
1789419958967;0
1789419959518;1
1789419959518;0
1789419959537;1
1789419959537;0
1789419959568;1
1789419959568;0
1789419959724;1
1789419959724;0
1789419959747;1
1789419959747;0
1789419959927;1
1789419959927;0
1789419959947;1
1789419959947;0
1789419960507;1
1789419960507;0
1789419960527;1
1789419960527;0
1789419960730;1
1789419960730;0
1789419960830;1
1789419960830;0
1789419960846;1
1789419960850;0
1789419960904;1
1789419960904;0
1789419961007;1
1789419961007;0
1789419961107;1
1789419961107;0
1789419961187;1
1789419961187;0
1789419961307;1
1789419961307;0
1789419961327;1
1789419961327;0
1789419961348;1
1789419961348;0
1789419961367;1
1789419961367;0
1789419961408;1
1789419961408;0
1789419961567;1
1789419961567;0
1789419961617;1
1789419961617;0
1789419961787;1
1789419961787;0
1789419961828;1
1789419961828;0
1789419961846;1
1789419961846;0
1789419962148;1
1789419962148;0
1789419962907;1
1789419962907;0
1789419962927;1
1789419962933;0
1789419962967;1
1789419962967;0
1789419962987;1
1789419962989;0
1789419963187;1
1789419963187;0
1789419963328;1
1789419963328;0
1789419963379;1
1789419963379;0
1789419963567;1
1789419963567;0
1789419963667;1
1789419963667;0
1789419963909;1
1789419963909;0
1789419963966;1
1789419963966;0
1789419963988;1
1789419963988;0
1789419964007;1
1789419964007;0
1789419964027;1
1789419964027;0
1789419964168;1
1789419964168;0
1789419964187;1
1789419964187;0
1789419964207;1
1789419964207;0
1789419964287;1
1789419964287;0
1789419964907;1
1789419964907;0
1789419964976;1
1789419964976;0
1789419965047;1
1789419965047;0
1789419965197;1
1789419965197;0
1789419965687;1
1789419965687;0
1789419965707;1
1789419965708;0
1789419965728;1
1789419965728;0
1789419965846;1
1789419965846;0
1789419965967;1
1789419965967;0
1789419966047;1
1789419966047;0
1789419966148;1
1789419966148;0
1789419966167;1
1789419966169;0
1789419966447;1
1789419966447;0
1789419966468;1
1789419966468;0
1789419966483;1
1789419966483;0
1789419966747;1
1789419966747;0
1789419966768;1
1789419966768;0
1789419966787;1
1789419966788;0
1789419966888;1
1789419966888;0
1789419966987;1
1789419966987;0
1789419967107;1
1789419967107;0
1789419967269;1
1789419967269;0
